{'n': 25031, 'events': 1030, 'events_6yr': 974, 'n_not_in_E1': 18990, 'events_not_in_E1': 27, 'histology_events': {'adeno': 474, 'squamous': 233, 'other': 181, 'small_cell': 129, 'none': 13}, 'th_mean_by_sex': {0: 59.74, 1: 43.32}, 'th_mean_by_smoking': {0: 48.56, 1: 51.56}, 'emph0_frac': 0.30741880068714794}
   horizon                                                model      var      hr      lo      hi       p  events
0     6 yr  unadjusted (paper: high 0.64 [0.53,0.76], avg 0.78)   th_avg  0.7909  0.6843  0.9141  0.0015     974
1     6 yr  unadjusted (paper: high 0.64 [0.53,0.76], avg 0.78)  th_high  0.6487  0.5419  0.7765  0.0000     974
2     6 yr                                  adj age/sex/smoking  th_high  0.7953  0.6589  0.9599  0.0170     974
3     6 yr                                  adj age/sex/smoking     th_z  0.9027  0.8442  0.9653  0.0028     974
4     6 yr                          strata sex x age5 + smoking  th_high  0.7796  0.6456  0.9413  0.0096     974
5     6 yr                          strata sex x age5 + smoking     th_z  0.8969  0.8387  0.9590  0.0015     974
6     6 yr                      adj age/sex/smoking + emphysema  th_high  0.8104  0.6716  0.9779  0.0283     974
7     6 yr                      adj age/sex/smoking + emphysema     th_z  0.9088  0.8500  0.9717  0.0051     974
8     6 yr                                           unadjusted     th_z  0.8397  0.7881  0.8947  0.0000     974
9     full  unadjusted (paper: high 0.64 [0.53,0.76], avg 0.78)   th_avg  0.8001  0.6947  0.9216  0.0020    1030
10    full  unadjusted (paper: high 0.64 [0.53,0.76], avg 0.78)  th_high  0.6661  0.5595  0.7930  0.0000    1030
11    full                                  adj age/sex/smoking  th_high  0.8095  0.6744  0.9716  0.0232    1030
12    full                                  adj age/sex/smoking     th_z  0.9077  0.8505  0.9688  0.0036    1030
13    full                          strata sex x age5 + smoking  th_high  0.7948  0.6620  0.9543  0.0139    1030
14    full                          strata sex x age5 + smoking     th_z  0.9022  0.8453  0.9629  0.0020    1030
15    full                      adj age/sex/smoking + emphysema  th_high  0.8261  0.6885  0.9913  0.0400    1030
16    full                      adj age/sex/smoking + emphysema     th_z  0.9143  0.8568  0.9756  0.0069    1030
17    full                                           unadjusted     th_z  0.8469  0.7963  0.9008  0.0000    1030
   horizon            adjustment            histology   var    coef      se      hr      lo      hi       p  events  delta_logHR  hr_ratio  ratio_lo  ratio_hi
0     full              clinical                adeno  th_z -0.0019  0.0486  0.9981  0.9074  1.0979  0.9688   474.0          NaN       NaN       NaN       NaN
1     full              clinical                SQ/SC  th_z -0.1819  0.0574  0.8337  0.7450  0.9331  0.0015   362.0          NaN       NaN       NaN       NaN
2     full              clinical             squamous  th_z -0.2213  0.0726  0.8015  0.6951  0.9241  0.0023   233.0          NaN       NaN       NaN       NaN
3     full              clinical           small_cell  th_z -0.1151  0.0942  0.8913  0.7410  1.0721  0.2219   129.0          NaN       NaN       NaN       NaN
4     full              clinical                other  th_z -0.1500  0.0790  0.8607  0.7373  1.0048  0.0575   181.0          NaN       NaN       NaN       NaN
5     full              clinical  ratio SQ/SC ÷ adeno   NaN     NaN     NaN     NaN     NaN     NaN  0.0168     NaN      -0.1800    0.8353    0.7208    0.9681
6     full  clinical + emphysema                adeno  th_z  0.0044  0.0486  1.0044  0.9132  1.1047  0.9276   474.0          NaN       NaN       NaN       NaN
7     full  clinical + emphysema                SQ/SC  th_z -0.1757  0.0572  0.8389  0.7499  0.9384  0.0021   362.0          NaN       NaN       NaN       NaN
8     full  clinical + emphysema             squamous  th_z -0.2142  0.0723  0.8071  0.7005  0.9301  0.0031   233.0          NaN       NaN       NaN       NaN
9     full  clinical + emphysema           small_cell  th_z -0.1108  0.0940  0.8951  0.7444  1.0762  0.2385   129.0          NaN       NaN       NaN       NaN
10    full  clinical + emphysema                other  th_z -0.1403  0.0787  0.8691  0.7449  1.0140  0.0745   181.0          NaN       NaN       NaN       NaN
11    full  clinical + emphysema  ratio SQ/SC ÷ adeno   NaN     NaN     NaN     NaN     NaN     NaN  0.0164     NaN      -0.1801    0.8352    0.7209    0.9675
12    6 yr              clinical                adeno  th_z -0.0136  0.0498  0.9865  0.8949  1.0876  0.7852   451.0          NaN       NaN       NaN       NaN
13    6 yr              clinical                SQ/SC  th_z -0.1853  0.0595  0.8308  0.7394  0.9335  0.0018   340.0          NaN       NaN       NaN       NaN
14    6 yr              clinical             squamous  th_z -0.2425  0.0759  0.7847  0.6763  0.9105  0.0014   217.0          NaN       NaN       NaN       NaN
15    6 yr              clinical           small_cell  th_z -0.0916  0.0965  0.9124  0.7552  1.1024  0.3424   123.0          NaN       NaN       NaN       NaN
16    6 yr              clinical                other  th_z -0.1546  0.0809  0.8568  0.7312  1.0039  0.0560   173.0          NaN       NaN       NaN       NaN
17    6 yr              clinical  ratio SQ/SC ÷ adeno   NaN     NaN     NaN     NaN     NaN     NaN  0.0267     NaN      -0.1718    0.8422    0.7234    0.9804
18    6 yr  clinical + emphysema                adeno  th_z -0.0079  0.0497  0.9922  0.9001  1.0937  0.8742   451.0          NaN       NaN       NaN       NaN
19    6 yr  clinical + emphysema                SQ/SC  th_z -0.1798  0.0593  0.8354  0.7438  0.9383  0.0024   340.0          NaN       NaN       NaN       NaN
20    6 yr  clinical + emphysema             squamous  th_z -0.2358  0.0755  0.7899  0.6812  0.9159  0.0018   217.0          NaN       NaN       NaN       NaN
21    6 yr  clinical + emphysema           small_cell  th_z -0.0879  0.0963  0.9158  0.7583  1.1061  0.3613   123.0          NaN       NaN       NaN       NaN
22    6 yr  clinical + emphysema                other  th_z -0.1446  0.0806  0.8654  0.7390  1.0134  0.0727   173.0          NaN       NaN       NaN       NaN
23    6 yr  clinical + emphysema  ratio SQ/SC ÷ adeno   NaN     NaN     NaN     NaN     NaN     NaN  0.0262     NaN      -0.1719    0.8421    0.7236    0.9799
{'full|clinical': {'interaction_hr': 0.8353, 'lo': 0.7192, 'hi': 0.9702, 'p': 0.0185}, 'full|clinical + emphysema': {'interaction_hr': 0.8352, 'lo': 0.7196, 'hi': 0.9692, 'p': 0.0177}, '6 yr|clinical': {'interaction_hr': 0.8422, 'lo': 0.7219, 'hi': 0.9825, 'p': 0.0289}, '6 yr|clinical + emphysema': {'interaction_hr': 0.8421, 'lo': 0.7224, 'hi': 0.9816, 'p': 0.0279}}
