{'built': 16178, 'built_events': 1037, 'analysis_n': 15784, 'analysis_events': 1003, 'by_source': {'size': {'fullarm': 9743, 'v1': 6041}, 'sum': {'fullarm': 0, 'v1': 1003}}}
                               analysis     var    coef      se      hr      lo      hi       p  attenuation  events
0                        G1 calcium adj  calc_z  0.1290  0.0309  1.1377  1.0709  1.2087  0.0000          NaN     NaN
1                 G1 calcium T1 vs none      T1  0.0460  0.1170  1.0470  0.8325  1.3169  0.6943          NaN     NaN
2                 G1 calcium T2 vs none      T2  0.0820  0.1159  1.0855  0.8649  1.3623  0.4790          NaN     NaN
3                 G1 calcium T3 vs none      T3  0.2816  0.1139  1.3252  1.0601  1.6566  0.0134          NaN     NaN
4                        G2 single th_z    th_z -0.0967  0.0337  0.9078  0.8499  0.9697  0.0040          NaN     NaN
5           G2 joint (+emph+other) th_z    th_z -0.0688  0.0338  0.9335  0.8737  0.9974  0.0416       0.2885     NaN
6                      G2 single calc_z  calc_z  0.1290  0.0309  1.1377  1.0709  1.2087  0.0000          NaN     NaN
7         G2 joint (+emph+other) calc_z  calc_z  0.1187  0.0312  1.1260  1.0591  1.1971  0.0001       0.0803     NaN
8   G3 TH adeno (adj clin+emph+calcium)    th_z  0.0246  0.0494  1.0249  0.9302  1.1292  0.6195          NaN   463.0
9           G3 calcium adeno (adj clin)  calc_z  0.0758  0.0466  1.0787  0.9846  1.1818  0.1037          NaN   463.0
10  G3 TH SQ/SC (adj clin+emph+calcium)    th_z -0.1521  0.0583  0.8589  0.7662  0.9628  0.0090          NaN   353.0
11          G3 calcium SQ/SC (adj clin)  calc_z  0.1587  0.0512  1.1719  1.0601  1.2957  0.0019          NaN   353.0
                      model       c    c_lo    c_hi  dc_vs_clinical+emph   dc_lo   dc_hi   dc_p  test_n  test_events
0                  clinical  0.6596  0.6149  0.7031              -0.0205 -0.0426  0.0020  0.068    2622          149
1             clinical+emph  0.6802  0.6320  0.7200               0.0000  0.0000  0.0000    NaN    2622          149
2     clinical+emph+calcium  0.6892  0.6442  0.7280               0.0090  0.0002  0.0191  0.042    2622          149
3  clinical+emph+calcium+TH  0.6919  0.6466  0.7304               0.0117  0.0022  0.0228  0.016    2622          149
{'built': 16178, 'built_events': 1037, 'analysis_n': 15784, 'analysis_events': 1003, 'partial_rho': {'th_pct~log_calc': -0.09427935217409845, 'th_pct~card_fat_volume_ml': -0.33156490536576505, 'log_calc~card_fat_volume_ml': -0.0892852459887031}, 'lunn_mcneil_th_x_sqsc': {'var': 'th_x_sq', 'coef': -0.1766256820374509, 'se': 0.07670851836734872, 'hr': 0.8380934392446372, 'lo': 0.7211042110304501, 'hi': 0.9740625587266805, 'p': 0.02130382044375441}, 'calcium_histology_ratio': {'delta_logHR': 0.08289073061551945, 'hr_ratio': 1.0864230892799145, 'ratio_lo': 0.9486115394419957, 'ratio_hi': 1.2442555038017067, 'p': 0.23102848515897556}}
